{#head: 0, #left: 2, #right: 3, #tail: 8}
{#recordLeft: 4, #recordRight: 5}
{#mapLeft: 6, #mapRight: 7}
true
{#held: [1, 2], #after: None}
{#trailing: 1}
{#recordLeft: 4, #recordRight: 5}
{#multiline: 2}
{#recordLeft: 4, #recordRight: 5}
{#before: 0, #left: 2, #right: 3, #after: 9}
{#recordLeft: 4, #recordRight: 5}
{#mapLeft: 6, #mapRight: 7}
{}
duplicate Map literal key
[]
duplicate Record field `same`
[record-later-key, record-later-value]
