---
source: phalcom-ast/tests/parser.rs
expression: "parse(\"for (x in xs) { continue }\")"
---
Program {
    preamble: ModulePreamble {
        metadata: [],
        dependencies: [],
        range: CopyRange {
            start: 0,
            end: 0,
        },
    },
    statements: [
        For(
            ForStatement {
                binding: "x",
                binding_range: CopyRange {
                    start: 5,
                    end: 6,
                },
                iter: Var {
                    value: "xs",
                    range: CopyRange {
                        start: 10,
                        end: 12,
                    },
                },
                body: [
                    Continue {
                        range: CopyRange {
                            start: 16,
                            end: 24,
                        },
                    },
                ],
                range: CopyRange {
                    start: 0,
                    end: 26,
                },
            },
        ),
    ],
}
