---
source: phalcom-ast/tests/parser.rs
assertion_line: 304
expression: "parse(\"for (x in xs) { break }\")"
---
Program {
    statements: [
        For(
            ForStatement {
                binding: "x",
                binding_range: CopyRange {
                    start: 5,
                    end: 6,
                },
                iter: Var {
                    value: "xs",
                    range: CopyRange {
                        start: 10,
                        end: 12,
                    },
                },
                body: [
                    Break {
                        range: CopyRange {
                            start: 16,
                            end: 21,
                        },
                    },
                ],
                range: CopyRange {
                    start: 0,
                    end: 23,
                },
            },
        ),
    ],
}
