---
source: phalcom-ast/tests/parser.rs
assertion_line: 97
expression: "parse(\"return 1\")"
---
Program {
    statements: [
        Return(
            ReturnStatement {
                value: Some(
                    Int {
                        digits: "1",
                        radix: 10,
                        range: CopyRange {
                            start: 7,
                            end: 8,
                        },
                    },
                ),
                range: CopyRange {
                    start: 0,
                    end: 8,
                },
            },
        ),
    ],
}
