---
source: phalcom-ast/tests/parser.rs
expression: "parse(\"class Point {}\\n\")"
---
Program {
    preamble: ModulePreamble {
        metadata: [],
        dependencies: [],
        range: CopyRange {
            start: 0,
            end: 0,
        },
    },
    statements: [
        Class(
            ClassDef {
                name: "Point",
                superclass: None,
                members: [],
                attributes: [],
                invariants: [],
                range: CopyRange {
                    start: 0,
                    end: 14,
                },
                name_range: CopyRange {
                    start: 6,
                    end: 11,
                },
            },
        ),
    ],
}
