---
source: phalcom-ast/tests/parser.rs
expression: "parse(\"for x in xs { break }\")"
---
Program {
    preamble: ModulePreamble {
        metadata: [],
        dependencies: [],
        range: CopyRange {
            start: 0,
            end: 0,
        },
    },
    statements: [
        For(
            ForStatement {
                lanes: [
                    ForLane {
                        pattern: Name {
                            name: "x",
                            range: CopyRange {
                                start: 4,
                                end: 5,
                            },
                        },
                        index: None,
                        iter: Var {
                            value: "xs",
                            range: CopyRange {
                                start: 9,
                                end: 11,
                            },
                        },
                        range: CopyRange {
                            start: 4,
                            end: 11,
                        },
                    },
                ],
                body: [
                    Break {
                        range: CopyRange {
                            start: 14,
                            end: 19,
                        },
                    },
                ],
                range: CopyRange {
                    start: 0,
                    end: 21,
                },
            },
        ),
    ],
}
