---
source: phalcom-ast/tests/parser.rs
expression: "parse(\"for item in makeList(3) { total = total + item }\")"
---
Program {
    preamble: ModulePreamble {
        metadata: [],
        dependencies: [],
        range: CopyRange {
            start: 0,
            end: 0,
        },
    },
    statements: [
        For(
            ForStatement {
                lanes: [
                    ForLane {
                        pattern: Name {
                            name: "item",
                            range: CopyRange {
                                start: 4,
                                end: 8,
                            },
                        },
                        index: None,
                        iter: UnqualifiedCall(
                            UnqualifiedCallExpr {
                                name: "makeList",
                                name_range: Some(
                                    CopyRange {
                                        start: 12,
                                        end: 20,
                                    },
                                ),
                                args: [
                                    Positional {
                                        expr: Int {
                                            digits: "3",
                                            radix: 10,
                                            range: CopyRange {
                                                start: 21,
                                                end: 22,
                                            },
                                        },
                                        range: CopyRange {
                                            start: 21,
                                            end: 22,
                                        },
                                    },
                                ],
                                range: CopyRange {
                                    start: 12,
                                    end: 23,
                                },
                            },
                        ),
                        range: CopyRange {
                            start: 4,
                            end: 23,
                        },
                    },
                ],
                body: [
                    Expr {
                        expr: Assignment(
                            AssignmentExpr {
                                name: Var {
                                    value: "total",
                                    range: CopyRange {
                                        start: 26,
                                        end: 31,
                                    },
                                },
                                value: Binary(
                                    BinaryExpr {
                                        op: Add,
                                        op_range: Some(
                                            CopyRange {
                                                start: 40,
                                                end: 41,
                                            },
                                        ),
                                        left: Var {
                                            value: "total",
                                            range: CopyRange {
                                                start: 34,
                                                end: 39,
                                            },
                                        },
                                        right: Var {
                                            value: "item",
                                            range: CopyRange {
                                                start: 42,
                                                end: 46,
                                            },
                                        },
                                        range: CopyRange {
                                            start: 34,
                                            end: 46,
                                        },
                                    },
                                ),
                                range: CopyRange {
                                    start: 26,
                                    end: 46,
                                },
                            },
                        ),
                        range: CopyRange {
                            start: 26,
                            end: 46,
                        },
                    },
                ],
                range: CopyRange {
                    start: 0,
                    end: 48,
                },
            },
        ),
    ],
}
