---
source: phalcom-ast/tests/parser.rs
assertion_line: 272
expression: "parse(\"for (item in makeList(3)) { total = total + item }\")"
---
Program {
    statements: [
        For(
            ForStatement {
                binding: "item",
                iter: UnqualifiedCall(
                    UnqualifiedCallExpr {
                        name: "makeList",
                        args: [
                            Positional {
                                expr: Int {
                                    digits: "3",
                                    radix: 10,
                                    range: CopyRange {
                                        start: 22,
                                        end: 23,
                                    },
                                },
                                range: CopyRange {
                                    start: 22,
                                    end: 23,
                                },
                            },
                        ],
                        range: CopyRange {
                            start: 13,
                            end: 24,
                        },
                    },
                ),
                body: [
                    Expr {
                        expr: Assignment(
                            AssignmentExpr {
                                name: Var {
                                    value: "total",
                                    range: CopyRange {
                                        start: 28,
                                        end: 33,
                                    },
                                },
                                value: Binary(
                                    BinaryExpr {
                                        op: Add,
                                        left: Var {
                                            value: "total",
                                            range: CopyRange {
                                                start: 36,
                                                end: 41,
                                            },
                                        },
                                        right: Var {
                                            value: "item",
                                            range: CopyRange {
                                                start: 44,
                                                end: 48,
                                            },
                                        },
                                        range: CopyRange {
                                            start: 36,
                                            end: 48,
                                        },
                                    },
                                ),
                                range: CopyRange {
                                    start: 28,
                                    end: 48,
                                },
                            },
                        ),
                        range: CopyRange {
                            start: 28,
                            end: 48,
                        },
                    },
                ],
                range: CopyRange {
                    start: 0,
                    end: 50,
                },
            },
        ),
    ],
}
