---
source: phalcom-ast/tests/parser.rs
expression: "parse(\"class Point {}\\n\")"
---
Program {
    statements: [
        Class(
            ClassDef {
                name: "Point",
                superclass: None,
                members: [],
                range: CopyRange {
                    start: 0,
                    end: 14,
                },
            },
        ),
    ],
}
