---
source: phalcom-ast/tests/parser.rs
expression: "parse(\"let x = 1 + 2\")"
---
Program {
    statements: [
        Let(
            LetBinding {
                kind: Let,
                pattern: Name {
                    name: "x",
                    range: CopyRange {
                        start: 4,
                        end: 5,
                    },
                },
                value: Some(
                    Binary(
                        BinaryExpr {
                            op: Add,
                            left: Number {
                                value: 1.0,
                                range: CopyRange {
                                    start: 8,
                                    end: 9,
                                },
                            },
                            right: Number {
                                value: 2.0,
                                range: CopyRange {
                                    start: 12,
                                    end: 13,
                                },
                            },
                            range: CopyRange {
                                start: 8,
                                end: 13,
                            },
                        },
                    ),
                ),
                range: CopyRange {
                    start: 0,
                    end: 13,
                },
            },
        ),
    ],
}
