---
source: phalcom-ast/tests/parser.rs
expression: "parse(\"\\n\\nlet x = 1\\n  \\n\")"
---
Program {
    statements: [
        Let(
            LetBinding {
                kind: Let,
                name: "x",
                value: Some(
                    Number {
                        value: 1.0,
                        range: CopyRange {
                            start: 10,
                            end: 11,
                        },
                    },
                ),
                range: CopyRange {
                    start: 2,
                    end: 11,
                },
            },
        ),
    ],
}
