---
source: phalcom-ast/tests/parser.rs
expression: rendered
---
[
    "Expected identifier (at bytes 4..5)",
    "Expected one of \"true\", \"false\", \"nil\", \"self\", \"super\", identifier, string, number, \"(\", \"!\", \"-\", \"{\" (at bytes 9..10)",
    "Expected one of \";\", newline (at bytes 17..18)",
]
