---
source: phalcom-ast/tests/parser.rs
assertion_line: 228
expression: "parse(\"let x = \")"
---
Err: SyntaxError { kind: UnrecognizedEof { expected: ["\"true\"", "\"false\"", "\"nil\"", "\"self\"", "\"super\"", "identifier", "string", "number", "\"(\"", "\"not\"", "\"-\"", "\"|\"", "\"{\""] }, range: 7..7 }
